// Jest Snapshot v1, https://goo.gl/fbAQLP

exports[`<Avatar /> should render the Avatar 1`] = `
.c0 {
  height: 7.8rem;
  width: 7.8rem;
  background: #ffc366;
  display: -webkit-box;
  display: -webkit-flex;
  display: -ms-flexbox;
  display: flex;
  -webkit-box-pack: center;
  -webkit-justify-content: center;
  -ms-flex-pack: center;
  justify-content: center;
  -webkit-align-items: center;
  -webkit-box-align: center;
  -ms-flex-align: center;
  align-items: center;
  border-radius: 3.9rem;
}

.c1 {
  font-family: 'Roboto';
  font-style: normal;
  font-weight: 700;
  font-size: 42px;
  line-height: 28px;
  text-align: center;
  -webkit-letter-spacing: 0.35px;
  -moz-letter-spacing: 0.35px;
  -ms-letter-spacing: 0.35px;
  letter-spacing: 0.35px;
  text-transform: uppercase;
  color: #8a7251;
}

<div
  class="c0"
>
  <span
    class="c1"
  >
    B
  </span>
</div>
`;
